<html>
<body>
<pre>
<h1>µVision Build Log</h1>
<h2>Tool Versions:</h2>
IDE-Version: ¦ÌVision V5.22.0.0
Copyright (C) 2016 ARM Ltd and ARM Germany GmbH. All rights reserved.
License Information: 1 1, 1, LIC=FQQEV-PENLB-058TY-I5TIC-W8ZHW-KSF2X
 
Tool Versions:
Toolchain:       MDK-ARM Professional  Version: 5.22
Toolchain Path:  D:\Program Files (x86)\KEIL5\ARM\ARMCC\Bin
C Compiler:      Armcc.exe V5.06 update 4 (build 422)
Assembler:       Armasm.exe V5.06 update 4 (build 422)
Linker/Locator:  ArmLink.exe V5.06 update 4 (build 422)
Library Manager: ArmAr.exe V5.06 update 4 (build 422)
Hex Converter:   FromElf.exe V5.06 update 4 (build 422)
CPU DLL:         SARMCM3.DLL V5.22
Dialog DLL:      DARMSTM.DLL V1.67.0.0
Target DLL:      Segger\JL2CM3.dll V2.99.23.0
Dialog DLL:      TARMSTM.DLL V1.66.0.0
 
<h2>Project:</h2>
F:\practise\MCU\AutoControl-QUAV-WithOpenMV\proj\LED.uvprojx
Project File Date:  03/27/2018

<h2>Output:</h2>
*** Using Compiler 'V5.06 update 4 (build 422)', folder: 'D:\Program Files (x86)\KEIL5\ARM\ARMCC\Bin'
Rebuild target 'Target 1'
assembling startup_stm32f10x_hd.s...
compiling core_cm3.c...
compiling public.c...
compiling stm32f10x_it.c...
compiling system_stm32f10x.c...
compiling main.c...
compiling stm32f10x_gpio.c...
compiling stm32f10x_exti.c...
compiling misc.c...
compiling stm32f10x_rcc.c...
compiling yaokongqi.c...
compiling apm_function.c...
compiling stm32f10x_usart.c...
compiling channel_out.c...
compiling stm32f10x_tim.c...
compiling openmv.c...
compiling chaoshengbo.c...
linking...
Program Size: Code=10032 RO-data=336 RW-data=60 ZI-data=1028  
".\output\¹¤³ÌÄ£°å.axf" - 0 Error(s), 0 Warning(s).

<h2>Collection of Component include folders:</h2>
  F:\practise\MCU\AutoControl-QUAV-WithOpenMV\proj\RTE\_Target_1
  D:\Program Files (x86)\KEIL5\Keil\STM32F1xx_DFP\1.1.0\Device\Include

<h2>Collection of Component Files used:</h2>
Build Time Elapsed:  00:00:03
</pre>
</body>
</html>
